<?xml version="1.0" encoding="utf-8"?><testsuites name="pytest tests"><testsuite name="pytest" errors="0" failures="0" skipped="0" tests="49" time="1.486" timestamp="2026-03-03T13:03:53.888101-08:00" hostname="JOHNs-MacBook-Pro.local"><testcase classname="tests.test_cli" name="test_run_requires_path_argument" file="tests/test_cli.py" line="7" time="0.002" /><testcase classname="tests.test_cli" name="test_root_invocation_without_subcommand_is_rejected" file="tests/test_cli.py" line="14" time="0.083" /><testcase classname="tests.test_cli" name="test_run_rejects_missing_directory" file="tests/test_cli.py" line="21" time="0.002" /><testcase classname="tests.test_cli" name="test_run_writes_changes_in_place" file="tests/test_cli.py" line="28" time="0.044" /><testcase classname="tests.test_cli" name="test_run_check_does_not_write_and_returns_one" file="tests/test_cli.py" line="41" time="0.037" /><testcase classname="tests.test_cli" name="test_run_check_clean_directory_returns_zero" file="tests/test_cli.py" line="58" time="0.037" /><testcase classname="tests.test_cli" name="test_run_check_skips_virtualenv_files" file="tests/test_cli.py" line="68" time="0.037" /><testcase classname="tests.test_cli" name="test_run_accepts_single_file_and_writes_changes" file="tests/test_cli.py" line="83" time="0.037" /><testcase classname="tests.test_cli" name="test_run_accepts_single_file_check_does_not_write_and_returns_one" file="tests/test_cli.py" line="95" time="0.037" /><testcase classname="tests.test_cli" name="test_run_code_transforms_and_prints_to_stdout" file="tests/test_cli.py" line="111" time="0.037" /><testcase classname="tests.test_cli" name="test_run_code_accepts_literal_backslash_n_sequence" file="tests/test_cli.py" line="118" time="0.037" /><testcase classname="tests.test_cli" name="test_run_code_check_returns_one_when_changes_needed" file="tests/test_cli.py" line="125" time="0.036" /><testcase classname="tests.test_cli" name="test_run_code_check_returns_zero_when_no_changes_needed" file="tests/test_cli.py" line="136" time="0.036" /><testcase classname="tests.test_codegen" name="test_union_to_optional_transform[a: Union[int, None]-a: Optional[int]]" file="tests/test_codegen.py" line="12" time="0.010" /><testcase classname="tests.test_codegen" name="test_union_to_optional_transform[a: Union[Dict[str, int], None]-a: Optional[Dict[str, int]]]" file="tests/test_codegen.py" line="12" time="0.010" /><testcase classname="tests.test_codegen" name="test_union_to_optional_transform[a: Union[str, int, None]-a: Optional[Union[str, int]]]" file="tests/test_codegen.py" line="12" time="0.009" /><testcase classname="tests.test_codegen" name="test_union_to_optional_transform[a: Union[Dict[str, int], List[int], None]-a: Optional[Union[Dict[str, int], List[int]]]]" file="tests/test_codegen.py" line="12" time="0.010" /><testcase classname="tests.test_codegen" name="test_union_to_optional_transform[a: Union[str, int]-a: Union[str, int]]" file="tests/test_codegen.py" line="12" time="0.009" /><testcase classname="tests.test_codegen" name="test_union_to_optional_transform[a: Union[str, int, float]-a: Union[str, int, float]]" file="tests/test_codegen.py" line="12" time="0.009" /><testcase classname="tests.test_codegen" name="test_union_to_optional_transform[a: Union[Literal['a'], None]-a: Optional[Literal['a']]]" file="tests/test_codegen.py" line="12" time="0.009" /><testcase classname="tests.test_codegen" name="test_union_to_optional_transform[a: Union[Dict[str, Literal['a']], None]-a: Optional[Dict[str, Literal['a']]]]" file="tests/test_codegen.py" line="12" time="0.010" /><testcase classname="tests.test_codegen" name="test_union_to_optional_transform[a: typing.Union[int, None]-a: typing.Optional[int]]" file="tests/test_codegen.py" line="12" time="0.010" /><testcase classname="tests.test_codegen" name="test_union_to_optional_transform[a: Union[str, Union[int, None]]-a: Union[str, Optional[int]]]" file="tests/test_codegen.py" line="12" time="0.010" /><testcase classname="tests.test_codegen" name="test_union_to_optional_transform[a: Union[str, Union[int, float]]-a: Union[str, Union[int, float]]]" file="tests/test_codegen.py" line="12" time="0.010" /><testcase classname="tests.test_codegen" name="test_union_to_optional_transform[a: Union[str, Union[int, Union[Dict[str, int], None]]]-a: Union[str, Union[int, Optional[Dict[str, int]]]]]" file="tests/test_codegen.py" line="12" time="0.010" /><testcase classname="tests.test_codegen" name="test_union_to_optional_transform[a: Union[str, Union[int, Union[float, bool]]]-a: Union[str, Union[int, Union[float, bool]]]]" file="tests/test_codegen.py" line="12" time="0.010" /><testcase classname="tests.test_codegen" name="test_union_to_optional_transform[def func(a: Union[str, None]) -&gt; Union[int, None]: pass-def func(a: Optional[str]) -&gt; Optional[int]: pass]" file="tests/test_codegen.py" line="12" time="0.011" /><testcase classname="tests.test_codegen" name="test_union_to_optional_transform[async def func(a: Union[str, None]) -&gt; Union[int, None]: pass-async def func(a: Optional[str]) -&gt; Optional[int]: pass]" file="tests/test_codegen.py" line="12" time="0.010" /><testcase classname="tests.test_codegen" name="test_union_to_optional_transform[var: Union[str, None] = 'hello'-var: Optional[str] = 'hello']" file="tests/test_codegen.py" line="12" time="0.009" /><testcase classname="tests.test_codegen" name="test_union_to_optional_transform[class A: a: Union[str, None] = 'hello'-class A: a: Optional[str] = 'hello']" file="tests/test_codegen.py" line="12" time="0.010" /><testcase classname="tests.test_codegen" name="test_union_to_optional_transform[def func(): var: Union[str, None] = 'hello'-def func(): var: Optional[str] = 'hello']" file="tests/test_codegen.py" line="12" time="0.010" /><testcase classname="tests.test_codegen" name="test_enforce_optional_transform[var: int = None-var: Optional[int] = None]" file="tests/test_codegen.py" line="39" time="0.009" /><testcase classname="tests.test_codegen" name="test_enforce_optional_transform[var: Optional[int] = None-var: Optional[int] = None]" file="tests/test_codegen.py" line="39" time="0.009" /><testcase classname="tests.test_codegen" name="test_enforce_optional_transform[var: Any = None-var: Any = None]" file="tests/test_codegen.py" line="39" time="0.009" /><testcase classname="tests.test_codegen" name="test_enforce_optional_transform[var: typing.Any = None-var: typing.Any = None]" file="tests/test_codegen.py" line="39" time="0.009" /><testcase classname="tests.test_codegen" name="test_enforce_optional_transform[var: Optional[Dict[str, int]] = None-var: Optional[Dict[str, int]] = None]" file="tests/test_codegen.py" line="39" time="0.010" /><testcase classname="tests.test_codegen" name="test_enforce_optional_transform[var = None-var = None]" file="tests/test_codegen.py" line="39" time="0.009" /><testcase classname="tests.test_codegen" name="test_enforce_optional_transform[var: Dict[str, List[int]] = None-var: Optional[Dict[str, List[int]]] = None]" file="tests/test_codegen.py" line="39" time="0.009" /><testcase classname="tests.test_codegen" name="test_enforce_optional_transform[def func(var: int = None): pass-def func(var: Optional[int] = None): pass]" file="tests/test_codegen.py" line="39" time="0.009" /><testcase classname="tests.test_codegen" name="test_enforce_optional_transform[class A: var: int = None-class A: var: Optional[int] = None]" file="tests/test_codegen.py" line="39" time="0.009" /><testcase classname="tests.test_codegen" name="test_enforce_optional_transform[async def func(var: int = None): pass-async def func(var: Optional[int] = None): pass]" file="tests/test_codegen.py" line="39" time="0.010" /><testcase classname="tests.test_codegen" name="test_enforce_optional_transform[from typing import Union-from typing import Union]" file="tests/test_codegen.py" line="39" time="0.009" /><testcase classname="tests.test_codegen" name="test_process_code_transforms_string_and_sets_changed_flag" file="tests/test_codegen.py" line="59" time="0.034" /><testcase classname="tests.test_codegen" name="test_process_code_does_not_duplicate_existing_optional_import" file="tests/test_codegen.py" line="66" time="0.057" /><testcase classname="tests.test_codegen" name="test_process_code_reuses_typing_namespace_for_qualified_union" file="tests/test_codegen.py" line="74" time="0.037" /><testcase classname="tests.test_codegen" name="test_process_code_removes_unused_union_import_when_fully_rewritten" file="tests/test_codegen.py" line="83" time="0.037" /><testcase classname="tests.test_codegen" name="test_process_code_keeps_union_import_when_union_is_still_used" file="tests/test_codegen.py" line="93" time="0.038" /><testcase classname="tests.test_codegen" name="test_process_code_removes_from_typing_union_even_when_rewrite_is_qualified" file="tests/test_codegen.py" line="103" time="0.039" /><testcase classname="tests.test_codegen" name="test_process_files_in_directory_skips_virtualenv_and_cache_folders" file="tests/test_codegen.py" line="112" time="0.035" /></testsuite></testsuites>
